[diagnose_esmoe_routing] Loading model from experiments_zviolin/runs/esmoe_v0_k2_bl01/weights/best.pt
[diagnose_esmoe_routing] Using synthetic input (1 random tensor)
[diagnose_esmoe_routing] Running forward pass on cpu (1 inputs) ...
[diagnose_esmoe_routing] ES_MOE hooked: 4
[diagnose_esmoe_routing] Aggregated routing records: 16
[diagnose_esmoe_routing] wrote experiments_zviolin\runs\esmoe_routing_bl01\routing_summary.csv (16 rows)
[diagnose_esmoe_routing] wrote experiments_zviolin\runs\esmoe_routing_bl01\recommendations.json

=== ES-MoE 璺敱鎽樿锛堣法 4 涓?ES_MOE 灞傦級===
  Expert 0 (ks=3): mean=0.280  std=0.328  top1_rate=0.50
  Expert 1 (ks=5): mean=0.346  std=0.239  top1_rate=0.75
  Expert 2 (ks=7): mean=0.151  std=0.235  top1_rate=0.25
  Expert 3 (ks=9): mean=0.223  std=0.446  top1_rate=0.25
  __avg_routing_entropy__: H_norm=0.405
  total_records=16

=== 鍦烘櫙鍖栨帹鑽?===
  鈥?Layer model.3 (P3, channel=256): Top expert is Expert 3 (kernel_size=9, mean_weight=0.892)
  鈥?Layer model.6 (P6, channel=512): Top expert is Expert 1 (kernel_size=5, mean_weight=0.508)
  鈥?Layer model.9 (P9, channel=512): Top expert is Expert 1 (kernel_size=5, mean_weight=0.505)
  鈥?Layer model.12 (P12, channel=1024): Top expert is Expert 0 (kernel_size=3, mean_weight=0.629)
[diagnose_esmoe_routing] wrote experiments_zviolin\runs\esmoe_routing_bl01\routing_heatmap.png
