[diagnose_esmoe_routing] Loading model from runs/detect/experiments_zviolin/runs/esmoe_v0_k3/weights/best.pt
[diagnose_esmoe_routing] Using synthetic input (1 random tensor)
[diagnose_esmoe_routing] Running forward pass on cpu (1 inputs) ...
[diagnose_esmoe_routing] ES_MOE hooked: 4
[diagnose_esmoe_routing] Aggregated routing records: 16
[diagnose_esmoe_routing] wrote experiments_zviolin\runs\esmoe_routing_k3\routing_summary.csv (16 rows)
[diagnose_esmoe_routing] wrote experiments_zviolin\runs\esmoe_routing_k3\recommendations.json

=== ES-MoE 璺敱鎽樿锛堣法 4 涓?ES_MOE 灞傦級===
  Expert 0 (ks=3): mean=0.264  std=0.328  top1_rate=0.50
  Expert 1 (ks=5): mean=0.224  std=0.166  top1_rate=0.50
  Expert 2 (ks=7): mean=0.191  std=0.132  top1_rate=0.25
  Expert 3 (ks=9): mean=0.321  std=0.133  top1_rate=0.75
  __avg_routing_entropy__: H_norm=0.743
  total_records=16

=== 鍦烘櫙鍖栨帹鑽?===
  鈥?Layer model.3 (P3, channel=256): Top expert is Expert 3 (kernel_size=9, mean_weight=0.422)
  鈥?Layer model.6 (P6, channel=512): Top expert is Expert 1 (kernel_size=5, mean_weight=0.352)
  鈥?Layer model.9 (P9, channel=512): Top expert is Expert 0 (kernel_size=3, mean_weight=0.676)
  鈥?Layer model.12 (P12, channel=1024): Top expert is Expert 3 (kernel_size=9, mean_weight=0.387)
[diagnose_esmoe_routing] wrote experiments_zviolin\runs\esmoe_routing_k3\routing_heatmap.png
